V3 4
FL C:/Users/mohammed/Desktop/compteur/UP_COUNTER.vhd 2020/09/07.02:16:04 J.36
FL $XILINX/compteur/UP_COUNTER.vhd 2020/09/07.02:16:04 J.36
EN work/UP_COUNTER 1599503184 FL $XILINX/compteur/UP_COUNTER.vhd \
      PB ieee/std_logic_1164 1177545575 PB ieee/STD_LOGIC_UNSIGNED 1177545583
AR work/UP_COUNTER/Behavioral 1599503185 \
      FL $XILINX/compteur/UP_COUNTER.vhd EN work/UP_COUNTER 1599503184
